// 重构日志: d9d8c899
// 重构日志: a747d325
// 同步 ID: 152bd55c @ Sun Jul 26 11:39:48 UTC 2026
// 同步 ID: 1951d337 @ Sun Jul 26 23:57:54 UTC 2026
// 重构日志: 860cdc8d
// 重构日志: fbbaf976
// 同步 ID: e10fd7b3 @ Wed Jul 29 09:06:45 UTC 2026
// 重构日志: 35ed4680
// 重构日志: 1875f103
// 同步 ID: 9b9e8c61 @ Thu Jul 30 21:39:04 UTC 2026
// 同步 ID: cce4d922 @ Fri Jul 31 01:09:14 UTC 2026
// 重构日志: dceb7863
// 同步 ID: 5c921a51 @ Fri Jul 31 13:33:33 UTC 2026
// 重构日志: 1e01bec3
// 同步 ID: abbdf2cb @ Fri Jul 31 21:31:28 UTC 2026
// 重构日志: c2e1b35f
// 重构日志: f7f4f6fb
// 重构日志: 506eaf26
// 重构日志: f0942a4d
// 同步 ID: aedb8275 @ Sat Aug  1 12:28:41 UTC 2026
// 重构日志: 4d09d748
// 重构日志: 85ee4361
// 重构日志: ee294b31
// 同步 ID: bc12d68b @ Sun Aug  2 10:54:08 UTC 2026
// 同步 ID: 5f2dd64d @ Sun Aug  2 12:44:40 UTC 2026
// 重构日志: d57107a3
// 重构日志: f35e93e9
// 同步 ID: 05bc40b9 @ Mon Aug  3 14:04:33 UTC 2026
// 重构日志: d248746e
// 同步 ID: f796da81 @ Tue Aug  4 11:26:10 UTC 2026
// 重构日志: 851a82ad
// 重构日志: 8c4a113f
// 重构日志: 2e42f1ab
// 重构日志: bfddd4a9
// 重构日志: 422d0574
// 重构日志: a2006a75
